9     execve("/usr/local/bin/kernel-io", ["/usr/local/bin/kernel-io"], 0x7ffdbf8051a8 /* 3 vars */) = 0
9     brk(NULL)                         = 0x563411d62000
9     mmap(NULL, 8192, PROT_READ|PROT_WRITE, MAP_PRIVATE|MAP_ANONYMOUS, -1, 0) = 0x7f7591006000
9     access("/etc/ld.so.preload", R_OK) = -1 ENOENT (No such file or directory)
9     openat(AT_FDCWD, "/root/.conan2/p/b/spdlo2e9a5c0565d34/p/lib/glibc-hwcaps/x86-64-v4/libstdc++.so.6", O_RDONLY|O_CLOEXEC) = -1 ENOENT (No such file or directory)
9     newfstatat(AT_FDCWD, "/root/.conan2/p/b/spdlo2e9a5c0565d34/p/lib/glibc-hwcaps/x86-64-v4", 0x7ffcd89c96a0, 0) = -1 ENOENT (No such file or directory)
9     openat(AT_FDCWD, "/root/.conan2/p/b/spdlo2e9a5c0565d34/p/lib/glibc-hwcaps/x86-64-v3/libstdc++.so.6", O_RDONLY|O_CLOEXEC) = -1 ENOENT (No such file or directory)
9     newfstatat(AT_FDCWD, "/root/.conan2/p/b/spdlo2e9a5c0565d34/p/lib/glibc-hwcaps/x86-64-v3", 0x7ffcd89c96a0, 0) = -1 ENOENT (No such file or directory)
9     openat(AT_FDCWD, "/root/.conan2/p/b/spdlo2e9a5c0565d34/p/lib/glibc-hwcaps/x86-64-v2/libstdc++.so.6", O_RDONLY|O_CLOEXEC) = -1 ENOENT (No such file or directory)
9     newfstatat(AT_FDCWD, "/root/.conan2/p/b/spdlo2e9a5c0565d34/p/lib/glibc-hwcaps/x86-64-v2", 0x7ffcd89c96a0, 0) = -1 ENOENT (No such file or directory)
9     openat(AT_FDCWD, "/root/.conan2/p/b/spdlo2e9a5c0565d34/p/lib/tls/x86_64/x86_64/libstdc++.so.6", O_RDONLY|O_CLOEXEC) = -1 ENOENT (No such file or directory)
9     newfstatat(AT_FDCWD, "/root/.conan2/p/b/spdlo2e9a5c0565d34/p/lib/tls/x86_64/x86_64", 0x7ffcd89c96a0, 0) = -1 ENOENT (No such file or directory)
9     openat(AT_FDCWD, "/root/.conan2/p/b/spdlo2e9a5c0565d34/p/lib/tls/x86_64/libstdc++.so.6", O_RDONLY|O_CLOEXEC) = -1 ENOENT (No such file or directory)
9     newfstatat(AT_FDCWD, "/root/.conan2/p/b/spdlo2e9a5c0565d34/p/lib/tls/x86_64", 0x7ffcd89c96a0, 0) = -1 ENOENT (No such file or directory)
9     openat(AT_FDCWD, "/root/.conan2/p/b/spdlo2e9a5c0565d34/p/lib/tls/x86_64/libstdc++.so.6", O_RDONLY|O_CLOEXEC) = -1 ENOENT (No such file or directory)
9     newfstatat(AT_FDCWD, "/root/.conan2/p/b/spdlo2e9a5c0565d34/p/lib/tls/x86_64", 0x7ffcd89c96a0, 0) = -1 ENOENT (No such file or directory)
9     openat(AT_FDCWD, "/root/.conan2/p/b/spdlo2e9a5c0565d34/p/lib/tls/libstdc++.so.6", O_RDONLY|O_CLOEXEC) = -1 ENOENT (No such file or directory)
9     newfstatat(AT_FDCWD, "/root/.conan2/p/b/spdlo2e9a5c0565d34/p/lib/tls", 0x7ffcd89c96a0, 0) = -1 ENOENT (No such file or directory)
9     openat(AT_FDCWD, "/root/.conan2/p/b/spdlo2e9a5c0565d34/p/lib/x86_64/x86_64/libstdc++.so.6", O_RDONLY|O_CLOEXEC) = -1 ENOENT (No such file or directory)
9     newfstatat(AT_FDCWD, "/root/.conan2/p/b/spdlo2e9a5c0565d34/p/lib/x86_64/x86_64", 0x7ffcd89c96a0, 0) = -1 ENOENT (No such file or directory)
9     openat(AT_FDCWD, "/root/.conan2/p/b/spdlo2e9a5c0565d34/p/lib/x86_64/libstdc++.so.6", O_RDONLY|O_CLOEXEC) = -1 ENOENT (No such file or directory)
9     newfstatat(AT_FDCWD, "/root/.conan2/p/b/spdlo2e9a5c0565d34/p/lib/x86_64", 0x7ffcd89c96a0, 0) = -1 ENOENT (No such file or directory)
9     openat(AT_FDCWD, "/root/.conan2/p/b/spdlo2e9a5c0565d34/p/lib/x86_64/libstdc++.so.6", O_RDONLY|O_CLOEXEC) = -1 ENOENT (No such file or directory)
9     newfstatat(AT_FDCWD, "/root/.conan2/p/b/spdlo2e9a5c0565d34/p/lib/x86_64", 0x7ffcd89c96a0, 0) = -1 ENOENT (No such file or directory)
9     openat(AT_FDCWD, "/root/.conan2/p/b/spdlo2e9a5c0565d34/p/lib/libstdc++.so.6", O_RDONLY|O_CLOEXEC) = -1 ENOENT (No such file or directory)
9     newfstatat(AT_FDCWD, "/root/.conan2/p/b/spdlo2e9a5c0565d34/p/lib", 0x7ffcd89c96a0, 0) = -1 ENOENT (No such file or directory)
9     openat(AT_FDCWD, "/root/.conan2/p/b/fmt6b56acf098718/p/lib/glibc-hwcaps/x86-64-v4/libstdc++.so.6", O_RDONLY|O_CLOEXEC) = -1 ENOENT (No such file or directory)
9     newfstatat(AT_FDCWD, "/root/.conan2/p/b/fmt6b56acf098718/p/lib/glibc-hwcaps/x86-64-v4", 0x7ffcd89c96a0, 0) = -1 ENOENT (No such file or directory)
9     openat(AT_FDCWD, "/root/.conan2/p/b/fmt6b56acf098718/p/lib/glibc-hwcaps/x86-64-v3/libstdc++.so.6", O_RDONLY|O_CLOEXEC) = -1 ENOENT (No such file or directory)
9     newfstatat(AT_FDCWD, "/root/.conan2/p/b/fmt6b56acf098718/p/lib/glibc-hwcaps/x86-64-v3", 0x7ffcd89c96a0, 0) = -1 ENOENT (No such file or directory)
9     openat(AT_FDCWD, "/root/.conan2/p/b/fmt6b56acf098718/p/lib/glibc-hwcaps/x86-64-v2/libstdc++.so.6", O_RDONLY|O_CLOEXEC) = -1 ENOENT (No such file or directory)
9     newfstatat(AT_FDCWD, "/root/.conan2/p/b/fmt6b56acf098718/p/lib/glibc-hwcaps/x86-64-v2", 0x7ffcd89c96a0, 0) = -1 ENOENT (No such file or directory)
9     openat(AT_FDCWD, "/root/.conan2/p/b/fmt6b56acf098718/p/lib/tls/x86_64/x86_64/libstdc++.so.6", O_RDONLY|O_CLOEXEC) = -1 ENOENT (No such file or directory)
9     newfstatat(AT_FDCWD, "/root/.conan2/p/b/fmt6b56acf098718/p/lib/tls/x86_64/x86_64", 0x7ffcd89c96a0, 0) = -1 ENOENT (No such file or directory)
9     openat(AT_FDCWD, "/root/.conan2/p/b/fmt6b56acf098718/p/lib/tls/x86_64/libstdc++.so.6", O_RDONLY|O_CLOEXEC) = -1 ENOENT (No such file or directory)
9     newfstatat(AT_FDCWD, "/root/.conan2/p/b/fmt6b56acf098718/p/lib/tls/x86_64", 0x7ffcd89c96a0, 0) = -1 ENOENT (No such file or directory)
9     openat(AT_FDCWD, "/root/.conan2/p/b/fmt6b56acf098718/p/lib/tls/x86_64/libstdc++.so.6", O_RDONLY|O_CLOEXEC) = -1 ENOENT (No such file or directory)
9     newfstatat(AT_FDCWD, "/root/.conan2/p/b/fmt6b56acf098718/p/lib/tls/x86_64", 0x7ffcd89c96a0, 0) = -1 ENOENT (No such file or directory)
9     openat(AT_FDCWD, "/root/.conan2/p/b/fmt6b56acf098718/p/lib/tls/libstdc++.so.6", O_RDONLY|O_CLOEXEC) = -1 ENOENT (No such file or directory)
9     newfstatat(AT_FDCWD, "/root/.conan2/p/b/fmt6b56acf098718/p/lib/tls", 0x7ffcd89c96a0, 0) = -1 ENOENT (No such file or directory)
9     openat(AT_FDCWD, "/root/.conan2/p/b/fmt6b56acf098718/p/lib/x86_64/x86_64/libstdc++.so.6", O_RDONLY|O_CLOEXEC) = -1 ENOENT (No such file or directory)
9     newfstatat(AT_FDCWD, "/root/.conan2/p/b/fmt6b56acf098718/p/lib/x86_64/x86_64", 0x7ffcd89c96a0, 0) = -1 ENOENT (No such file or directory)
9     openat(AT_FDCWD, "/root/.conan2/p/b/fmt6b56acf098718/p/lib/x86_64/libstdc++.so.6", O_RDONLY|O_CLOEXEC) = -1 ENOENT (No such file or directory)
9     newfstatat(AT_FDCWD, "/root/.conan2/p/b/fmt6b56acf098718/p/lib/x86_64", 0x7ffcd89c96a0, 0) = -1 ENOENT (No such file or directory)
9     openat(AT_FDCWD, "/root/.conan2/p/b/fmt6b56acf098718/p/lib/x86_64/libstdc++.so.6", O_RDONLY|O_CLOEXEC) = -1 ENOENT (No such file or directory)
9     newfstatat(AT_FDCWD, "/root/.conan2/p/b/fmt6b56acf098718/p/lib/x86_64", 0x7ffcd89c96a0, 0) = -1 ENOENT (No such file or directory)
9     openat(AT_FDCWD, "/root/.conan2/p/b/fmt6b56acf098718/p/lib/libstdc++.so.6", O_RDONLY|O_CLOEXEC) = -1 ENOENT (No such file or directory)
9     newfstatat(AT_FDCWD, "/root/.conan2/p/b/fmt6b56acf098718/p/lib", 0x7ffcd89c96a0, 0) = -1 ENOENT (No such file or directory)
9     openat(AT_FDCWD, "/etc/ld.so.cache", O_RDONLY|O_CLOEXEC) = 3
9     newfstatat(3, "", {st_mode=S_IFREG|0644, st_size=4851, ...}, AT_EMPTY_PATH) = 0
9     mmap(NULL, 4851, PROT_READ, MAP_PRIVATE, 3, 0) = 0x7f7591004000
9     close(3)                          = 0
9     openat(AT_FDCWD, "/lib/x86_64-linux-gnu/libstdc++.so.6", O_RDONLY|O_CLOEXEC) = 3
9     read(3, "\177ELF\2\1\1\3\0\0\0\0\0\0\0\0\3\0>\0\1\0\0\0\0\0\0\0\0\0\0\0"..., 832) = 832
9     newfstatat(3, "", {st_mode=S_IFREG|0644, st_size=2190440, ...}, AT_EMPTY_PATH) = 0
9     mmap(NULL, 2201728, PROT_READ, MAP_PRIVATE|MAP_DENYWRITE, 3, 0) = 0x7f7590dea000
9     mmap(0x7f7590e83000, 1052672, PROT_READ|PROT_EXEC, MAP_PRIVATE|MAP_FIXED|MAP_DENYWRITE, 3, 0x99000) = 0x7f7590e83000
9     mmap(0x7f7590f84000, 454656, PROT_READ, MAP_PRIVATE|MAP_FIXED|MAP_DENYWRITE, 3, 0x19a000) = 0x7f7590f84000
9     mmap(0x7f7590ff3000, 57344, PROT_READ|PROT_WRITE, MAP_PRIVATE|MAP_FIXED|MAP_DENYWRITE, 3, 0x209000) = 0x7f7590ff3000
9     mmap(0x7f7591001000, 10368, PROT_READ|PROT_WRITE, MAP_PRIVATE|MAP_FIXED|MAP_ANONYMOUS, -1, 0) = 0x7f7591001000
9     close(3)                          = 0
9     openat(AT_FDCWD, "/lib/x86_64-linux-gnu/libgcc_s.so.1", O_RDONLY|O_CLOEXEC) = 3
9     read(3, "\177ELF\2\1\1\0\0\0\0\0\0\0\0\0\3\0>\0\1\0\0\0\0\0\0\0\0\0\0\0"..., 832) = 832
9     newfstatat(3, "", {st_mode=S_IFREG|0644, st_size=125312, ...}, AT_EMPTY_PATH) = 0
9     mmap(NULL, 127688, PROT_READ, MAP_PRIVATE|MAP_DENYWRITE, 3, 0) = 0x7f7590dca000
9     mmap(0x7f7590dcd000, 94208, PROT_READ|PROT_EXEC, MAP_PRIVATE|MAP_FIXED|MAP_DENYWRITE, 3, 0x3000) = 0x7f7590dcd000
9     mmap(0x7f7590de4000, 16384, PROT_READ, MAP_PRIVATE|MAP_FIXED|MAP_DENYWRITE, 3, 0x1a000) = 0x7f7590de4000
9     mmap(0x7f7590de8000, 8192, PROT_READ|PROT_WRITE, MAP_PRIVATE|MAP_FIXED|MAP_DENYWRITE, 3, 0x1d000) = 0x7f7590de8000
9     close(3)                          = 0
9     openat(AT_FDCWD, "/lib/x86_64-linux-gnu/libc.so.6", O_RDONLY|O_CLOEXEC) = 3
9     read(3, "\177ELF\2\1\1\3\0\0\0\0\0\0\0\0\3\0>\0\1\0\0\0\20t\2\0\0\0\0\0"..., 832) = 832
9     pread64(3, "\6\0\0\0\4\0\0\0@\0\0\0\0\0\0\0@\0\0\0\0\0\0\0@\0\0\0\0\0\0\0"..., 784, 64) = 784
9     newfstatat(3, "", {st_mode=S_IFREG|0755, st_size=1926232, ...}, AT_EMPTY_PATH) = 0
9     pread64(3, "\6\0\0\0\4\0\0\0@\0\0\0\0\0\0\0@\0\0\0\0\0\0\0@\0\0\0\0\0\0\0"..., 784, 64) = 784
9     mmap(NULL, 1974096, PROT_READ, MAP_PRIVATE|MAP_DENYWRITE, 3, 0) = 0x7f7590be8000
9     mmap(0x7f7590c0e000, 1400832, PROT_READ|PROT_EXEC, MAP_PRIVATE|MAP_FIXED|MAP_DENYWRITE, 3, 0x26000) = 0x7f7590c0e000
9     mmap(0x7f7590d64000, 339968, PROT_READ, MAP_PRIVATE|MAP_FIXED|MAP_DENYWRITE, 3, 0x17c000) = 0x7f7590d64000
9     mmap(0x7f7590db7000, 24576, PROT_READ|PROT_WRITE, MAP_PRIVATE|MAP_FIXED|MAP_DENYWRITE, 3, 0x1cf000) = 0x7f7590db7000
9     mmap(0x7f7590dbd000, 53072, PROT_READ|PROT_WRITE, MAP_PRIVATE|MAP_FIXED|MAP_ANONYMOUS, -1, 0) = 0x7f7590dbd000
9     close(3)                          = 0
9     openat(AT_FDCWD, "/lib/x86_64-linux-gnu/libm.so.6", O_RDONLY|O_CLOEXEC) = 3
9     read(3, "\177ELF\2\1\1\3\0\0\0\0\0\0\0\0\3\0>\0\1\0\0\0\0\0\0\0\0\0\0\0"..., 832) = 832
9     newfstatat(3, "", {st_mode=S_IFREG|0644, st_size=911904, ...}, AT_EMPTY_PATH) = 0
9     mmap(NULL, 913680, PROT_READ, MAP_PRIVATE|MAP_DENYWRITE, 3, 0) = 0x7f7590b08000
9     mmap(0x7f7590b18000, 475136, PROT_READ|PROT_EXEC, MAP_PRIVATE|MAP_FIXED|MAP_DENYWRITE, 3, 0x10000) = 0x7f7590b18000
9     mmap(0x7f7590b8c000, 368640, PROT_READ, MAP_PRIVATE|MAP_FIXED|MAP_DENYWRITE, 3, 0x84000) = 0x7f7590b8c000
9     mmap(0x7f7590be6000, 8192, PROT_READ|PROT_WRITE, MAP_PRIVATE|MAP_FIXED|MAP_DENYWRITE, 3, 0xdd000) = 0x7f7590be6000
9     close(3)                          = 0
9     mmap(NULL, 8192, PROT_READ|PROT_WRITE, MAP_PRIVATE|MAP_ANONYMOUS, -1, 0) = 0x7f7590b06000
9     mmap(NULL, 12288, PROT_READ|PROT_WRITE, MAP_PRIVATE|MAP_ANONYMOUS, -1, 0) = 0x7f7590b03000
9     arch_prctl(ARCH_SET_FS, 0x7f7590b03740) = 0
9     set_tid_address(0x7f7590b03a10)   = 9
9     set_robust_list(0x7f7590b03a20, 24) = 0
9     rseq(0x7f7590b04060, 0x20, 0, 0x53053053) = 0
9     mprotect(0x7f7590db7000, 16384, PROT_READ) = 0
9     mprotect(0x7f7590be6000, 4096, PROT_READ) = 0
9     mprotect(0x7f7590de8000, 4096, PROT_READ) = 0
9     mprotect(0x7f7590ff3000, 45056, PROT_READ) = 0
9     mprotect(0x5633e786f000, 4096, PROT_READ) = 0
9     mprotect(0x7f7591041000, 8192, PROT_READ) = 0
9     prlimit64(0, RLIMIT_STACK, NULL, {rlim_cur=8192*1024, rlim_max=RLIM64_INFINITY}) = 0
9     munmap(0x7f7591004000, 4851)      = 0
9     getrandom("\x65\x50\x7f\x01\x5f\x66\xf1\x2c", 8, GRND_NONBLOCK) = 8
9     brk(NULL)                         = 0x563411d62000
9     brk(0x563411d83000)               = 0x563411d83000
9     futex(0x7f759100173c, FUTEX_WAKE_PRIVATE, 2147483647) = 0
9     newfstatat(1, "", {st_mode=S_IFIFO|0600, st_size=0, ...}, AT_EMPTY_PATH) = 0
9     rt_sigaction(SIGRT_1, {sa_handler=0x7f7590c6e720, sa_mask=[], sa_flags=SA_RESTORER|SA_ONSTACK|SA_RESTART|SA_SIGINFO, sa_restorer=0x7f7590c24050}, NULL, 8) = 0
9     rt_sigprocmask(SIG_UNBLOCK, [RTMIN RT_1], NULL, 8) = 0
9     mmap(NULL, 8392704, PROT_NONE, MAP_PRIVATE|MAP_ANONYMOUS|MAP_STACK, -1, 0) = 0x7f7590302000
9     mprotect(0x7f7590303000, 8388608, PROT_READ|PROT_WRITE) = 0
9     rt_sigprocmask(SIG_BLOCK, ~[], [], 8) = 0
9     clone3({flags=CLONE_VM|CLONE_FS|CLONE_FILES|CLONE_SIGHAND|CLONE_THREAD|CLONE_SYSVSEM|CLONE_SETTLS|CLONE_PARENT_SETTID|CLONE_CHILD_CLEARTID, child_tid=0x7f7590b02990, parent_tid=0x7f7590b02990, exit_signal=0, stack=0x7f7590302000, stack_size=0x7fff80, tls=0x7f7590b026c0}, 88) = -1 ENOSYS (Function not implemented)
9     clone(child_stack=0x7f7590b01f70, flags=CLONE_VM|CLONE_FS|CLONE_FILES|CLONE_SIGHAND|CLONE_THREAD|CLONE_SYSVSEM|CLONE_SETTLS|CLONE_PARENT_SETTID|CLONE_CHILD_CLEARTID, parent_tid=[10], tls=0x7f7590b026c0, child_tidptr=0x7f7590b02990) = 10
10    rseq(0x7f7590b02fe0, 0x20, 0, 0x53053053 <unfinished ...>
9     rt_sigprocmask(SIG_SETMASK, [],  <unfinished ...>
10    <... rseq resumed>)               = 0
9     <... rt_sigprocmask resumed>NULL, 8) = 0
10    set_robust_list(0x7f7590b029a0, 24 <unfinished ...>
9     mmap(NULL, 8392704, PROT_NONE, MAP_PRIVATE|MAP_ANONYMOUS|MAP_STACK, -1, 0 <unfinished ...>
10    <... set_robust_list resumed>)    = 0
9     <... mmap resumed>)               = 0x7f758fb01000
10    rt_sigprocmask(SIG_SETMASK, [],  <unfinished ...>
9     mprotect(0x7f758fb02000, 8388608, PROT_READ|PROT_WRITE <unfinished ...>
10    <... rt_sigprocmask resumed>NULL, 8) = 0
9     <... mprotect resumed>)           = 0
9     rt_sigprocmask(SIG_BLOCK, ~[],  <unfinished ...>
10    futex(0x7ffcd89ca468, FUTEX_WAIT_BITSET_PRIVATE|FUTEX_CLOCK_REALTIME, 0, NULL, FUTEX_BITSET_MATCH_ANY <unfinished ...>
9     <... rt_sigprocmask resumed>[], 8) = 0
9     clone3({flags=CLONE_VM|CLONE_FS|CLONE_FILES|CLONE_SIGHAND|CLONE_THREAD|CLONE_SYSVSEM|CLONE_SETTLS|CLONE_PARENT_SETTID|CLONE_CHILD_CLEARTID, child_tid=0x7f7590301990, parent_tid=0x7f7590301990, exit_signal=0, stack=0x7f758fb01000, stack_size=0x7fff80, tls=0x7f75903016c0}, 88) = -1 ENOSYS (Function not implemented)
9     clone(child_stack=0x7f7590300f70, flags=CLONE_VM|CLONE_FS|CLONE_FILES|CLONE_SIGHAND|CLONE_THREAD|CLONE_SYSVSEM|CLONE_SETTLS|CLONE_PARENT_SETTID|CLONE_CHILD_CLEARTID, parent_tid=[11], tls=0x7f75903016c0, child_tidptr=0x7f7590301990) = 11
11    rseq(0x7f7590301fe0, 0x20, 0, 0x53053053 <unfinished ...>
9     rt_sigprocmask(SIG_SETMASK, [],  <unfinished ...>
11    <... rseq resumed>)               = 0
9     <... rt_sigprocmask resumed>NULL, 8) = 0
11    set_robust_list(0x7f75903019a0, 24 <unfinished ...>
9     mmap(NULL, 8392704, PROT_NONE, MAP_PRIVATE|MAP_ANONYMOUS|MAP_STACK, -1, 0 <unfinished ...>
11    <... set_robust_list resumed>)    = 0
9     <... mmap resumed>)               = 0x7f758f300000
11    rt_sigprocmask(SIG_SETMASK, [],  <unfinished ...>
9     mprotect(0x7f758f301000, 8388608, PROT_READ|PROT_WRITE <unfinished ...>
11    <... rt_sigprocmask resumed>NULL, 8) = 0
9     <... mprotect resumed>)           = 0
11    futex(0x7ffcd89ca468, FUTEX_WAIT_BITSET_PRIVATE|FUTEX_CLOCK_REALTIME, 0, NULL, FUTEX_BITSET_MATCH_ANY <unfinished ...>
9     rt_sigprocmask(SIG_BLOCK, ~[], [], 8) = 0
9     clone3({flags=CLONE_VM|CLONE_FS|CLONE_FILES|CLONE_SIGHAND|CLONE_THREAD|CLONE_SYSVSEM|CLONE_SETTLS|CLONE_PARENT_SETTID|CLONE_CHILD_CLEARTID, child_tid=0x7f758fb00990, parent_tid=0x7f758fb00990, exit_signal=0, stack=0x7f758f300000, stack_size=0x7fff80, tls=0x7f758fb006c0}, 88) = -1 ENOSYS (Function not implemented)
9     clone(child_stack=0x7f758fafff70, flags=CLONE_VM|CLONE_FS|CLONE_FILES|CLONE_SIGHAND|CLONE_THREAD|CLONE_SYSVSEM|CLONE_SETTLS|CLONE_PARENT_SETTID|CLONE_CHILD_CLEARTID, parent_tid=[12], tls=0x7f758fb006c0, child_tidptr=0x7f758fb00990) = 12
12    rseq(0x7f758fb00fe0, 0x20, 0, 0x53053053 <unfinished ...>
9     rt_sigprocmask(SIG_SETMASK, [],  <unfinished ...>
12    <... rseq resumed>)               = 0
9     <... rt_sigprocmask resumed>NULL, 8) = 0
12    set_robust_list(0x7f758fb009a0, 24 <unfinished ...>
9     mmap(NULL, 8392704, PROT_NONE, MAP_PRIVATE|MAP_ANONYMOUS|MAP_STACK, -1, 0 <unfinished ...>
12    <... set_robust_list resumed>)    = 0
9     <... mmap resumed>)               = 0x7f758eaff000
12    rt_sigprocmask(SIG_SETMASK, [],  <unfinished ...>
9     mprotect(0x7f758eb00000, 8388608, PROT_READ|PROT_WRITE <unfinished ...>
12    <... rt_sigprocmask resumed>NULL, 8) = 0
9     <... mprotect resumed>)           = 0
12    futex(0x7ffcd89ca468, FUTEX_WAIT_BITSET_PRIVATE|FUTEX_CLOCK_REALTIME, 0, NULL, FUTEX_BITSET_MATCH_ANY <unfinished ...>
9     rt_sigprocmask(SIG_BLOCK, ~[], [], 8) = 0
9     clone3({flags=CLONE_VM|CLONE_FS|CLONE_FILES|CLONE_SIGHAND|CLONE_THREAD|CLONE_SYSVSEM|CLONE_SETTLS|CLONE_PARENT_SETTID|CLONE_CHILD_CLEARTID, child_tid=0x7f758f2ff990, parent_tid=0x7f758f2ff990, exit_signal=0, stack=0x7f758eaff000, stack_size=0x7fff80, tls=0x7f758f2ff6c0}, 88) = -1 ENOSYS (Function not implemented)
9     clone(child_stack=0x7f758f2fef70, flags=CLONE_VM|CLONE_FS|CLONE_FILES|CLONE_SIGHAND|CLONE_THREAD|CLONE_SYSVSEM|CLONE_SETTLS|CLONE_PARENT_SETTID|CLONE_CHILD_CLEARTID, parent_tid=[13], tls=0x7f758f2ff6c0, child_tidptr=0x7f758f2ff990) = 13
9     rt_sigprocmask(SIG_SETMASK, [], NULL, 8) = 0
9     futex(0x7ffcd89ca468, FUTEX_WAKE_PRIVATE, 1 <unfinished ...>
13    rseq(0x7f758f2fffe0, 0x20, 0, 0x53053053 <unfinished ...>
9     <... futex resumed>)              = 1
10    <... futex resumed>)              = 0
9     futex(0x7ffcd89ca468, FUTEX_WAKE_PRIVATE, 1 <unfinished ...>
13    <... rseq resumed>)               = 0
9     <... futex resumed>)              = 1
11    <... futex resumed>)              = 0
10    futex(0x7ffcd89ca418, FUTEX_WAKE_PRIVATE, 1 <unfinished ...>
9     futex(0x7ffcd89ca468, FUTEX_WAKE_PRIVATE, 1 <unfinished ...>
13    set_robust_list(0x7f758f2ff9a0, 24 <unfinished ...>
11    futex(0x7ffcd89ca418, FUTEX_WAKE_PRIVATE, 1 <unfinished ...>
10    <... futex resumed>)              = 0
9     <... futex resumed>)              = 1
13    <... set_robust_list resumed>)    = 0
12    <... futex resumed>)              = 0
11    <... futex resumed>)              = 0
9     futex(0x7f7590b02990, FUTEX_WAIT_BITSET|FUTEX_CLOCK_REALTIME, 10, NULL, FUTEX_BITSET_MATCH_ANY <unfinished ...>
13    rt_sigprocmask(SIG_SETMASK, [],  <unfinished ...>
12    futex(0x7ffcd89ca418, FUTEX_WAKE_PRIVATE, 1 <unfinished ...>
10    socket(AF_INET, SOCK_STREAM|SOCK_NONBLOCK, IPPROTO_IP <unfinished ...>
13    <... rt_sigprocmask resumed>NULL, 8) = 0
12    <... futex resumed>)              = 0
11    socket(AF_INET, SOCK_STREAM|SOCK_NONBLOCK, IPPROTO_IP <unfinished ...>
12    socket(AF_INET, SOCK_STREAM|SOCK_NONBLOCK, IPPROTO_IP <unfinished ...>
10    <... socket resumed>)             = 3
13    socket(AF_INET, SOCK_STREAM|SOCK_NONBLOCK, IPPROTO_IP <unfinished ...>
11    <... socket resumed>)             = 4
12    <... socket resumed>)             = 5
10    epoll_create1(0 <unfinished ...>
12    epoll_create1(0 <unfinished ...>
11    epoll_create1(0 <unfinished ...>
13    <... socket resumed>)             = 6
12    <... epoll_create1 resumed>)      = 8
10    <... epoll_create1 resumed>)      = 7
13    epoll_create1(0 <unfinished ...>
11    <... epoll_create1 resumed>)      = 9
12    epoll_ctl(8, EPOLL_CTL_ADD, 5, {events=EPOLLOUT, data={u32=5, u64=5}} <unfinished ...>
10    epoll_ctl(7, EPOLL_CTL_ADD, 3, {events=EPOLLOUT, data={u32=3, u64=3}} <unfinished ...>
13    <... epoll_create1 resumed>)      = 10
12    <... epoll_ctl resumed>)          = 0
11    epoll_ctl(9, EPOLL_CTL_ADD, 4, {events=EPOLLOUT, data={u32=4, u64=4}} <unfinished ...>
13    epoll_ctl(10, EPOLL_CTL_ADD, 6, {events=EPOLLOUT, data={u32=6, u64=6}} <unfinished ...>
12    connect(5, {sa_family=AF_INET, sin_port=htons(80), sin_addr=inet_addr("142.251.152.119")}, 16 <unfinished ...>
10    <... epoll_ctl resumed>)          = 0
13    <... epoll_ctl resumed>)          = 0
11    <... epoll_ctl resumed>)          = 0
13    connect(6, {sa_family=AF_INET, sin_port=htons(80), sin_addr=inet_addr("142.251.152.119")}, 16 <unfinished ...>
10    connect(3, {sa_family=AF_INET, sin_port=htons(80), sin_addr=inet_addr("142.251.152.119")}, 16 <unfinished ...>
11    connect(4, {sa_family=AF_INET, sin_port=htons(80), sin_addr=inet_addr("142.251.152.119")}, 16 <unfinished ...>
13    <... connect resumed>)            = -1 EINPROGRESS (Operation now in progress)
12    <... connect resumed>)            = -1 EINPROGRESS (Operation now in progress)
11    <... connect resumed>)            = -1 EINPROGRESS (Operation now in progress)
13    epoll_ctl(10, EPOLL_CTL_MOD, 6, {events=EPOLLOUT, data={u32=6, u64=6}} <unfinished ...>
12    epoll_ctl(8, EPOLL_CTL_MOD, 5, {events=EPOLLOUT, data={u32=5, u64=5}} <unfinished ...>
13    <... epoll_ctl resumed>)          = 0
11    epoll_ctl(9, EPOLL_CTL_MOD, 4, {events=EPOLLOUT, data={u32=4, u64=4}} <unfinished ...>
13    epoll_wait(10,  <unfinished ...>
12    <... epoll_ctl resumed>)          = 0
11    <... epoll_ctl resumed>)          = 0
12    epoll_wait(8,  <unfinished ...>
11    epoll_wait(9,  <unfinished ...>
10    <... connect resumed>)            = -1 EINPROGRESS (Operation now in progress)
10    epoll_ctl(7, EPOLL_CTL_MOD, 3, {events=EPOLLOUT, data={u32=3, u64=3}}) = 0
10    epoll_wait(7,  <unfinished ...>
12    <... epoll_wait resumed>[{events=EPOLLOUT, data={u32=5, u64=5}}], 1, 5000) = 1
11    <... epoll_wait resumed>[{events=EPOLLOUT, data={u32=4, u64=4}}], 1, 5000) = 1
12    getsockopt(5, SOL_SOCKET, SO_ERROR,  <unfinished ...>
11    getsockopt(4, SOL_SOCKET, SO_ERROR,  <unfinished ...>
12    <... getsockopt resumed>[0], [4]) = 0
11    <... getsockopt resumed>[0], [4]) = 0
12    epoll_ctl(8, EPOLL_CTL_MOD, 5, {events=EPOLLOUT, data={u32=5, u64=5}} <unfinished ...>
11    epoll_ctl(9, EPOLL_CTL_MOD, 4, {events=EPOLLOUT, data={u32=4, u64=4}} <unfinished ...>
12    <... epoll_ctl resumed>)          = 0
11    <... epoll_ctl resumed>)          = 0
12    epoll_wait(8,  <unfinished ...>
11    epoll_wait(9,  <unfinished ...>
12    <... epoll_wait resumed>[{events=EPOLLOUT, data={u32=5, u64=5}}], 1, 5000) = 1
11    <... epoll_wait resumed>[{events=EPOLLOUT, data={u32=4, u64=4}}], 1, 5000) = 1
12    sendto(5, "GET / HTTP/1.0\r\nHost: www.google"..., 59, 0, NULL, 0 <unfinished ...>
11    sendto(4, "GET / HTTP/1.0\r\nHost: www.google"..., 59, 0, NULL, 0 <unfinished ...>
12    <... sendto resumed>)             = 59
12    epoll_ctl(8, EPOLL_CTL_MOD, 5, {events=EPOLLIN, data={u32=5, u64=5}}) = 0
12    epoll_wait(8,  <unfinished ...>
11    <... sendto resumed>)             = 59
11    epoll_ctl(9, EPOLL_CTL_MOD, 4, {events=EPOLLIN, data={u32=4, u64=4}}) = 0
11    epoll_wait(9,  <unfinished ...>
13    <... epoll_wait resumed>[{events=EPOLLOUT, data={u32=6, u64=6}}], 1, 5000) = 1
13    getsockopt(6, SOL_SOCKET, SO_ERROR, [0], [4]) = 0
13    epoll_ctl(10, EPOLL_CTL_MOD, 6, {events=EPOLLOUT, data={u32=6, u64=6}}) = 0
13    epoll_wait(10, [{events=EPOLLOUT, data={u32=6, u64=6}}], 1, 5000) = 1
13    sendto(6, "GET / HTTP/1.0\r\nHost: www.google"..., 59, 0, NULL, 0) = 59
13    epoll_ctl(10, EPOLL_CTL_MOD, 6, {events=EPOLLIN, data={u32=6, u64=6}}) = 0
13    epoll_wait(10, [{events=EPOLLIN, data={u32=6, u64=6}}], 1, 5000) = 1
13    recvfrom(6, "HTTP/1.0 200 OK\r\nDate: Thu, 16 A"..., 4095, 0, NULL, NULL) = 4095
13    mmap(NULL, 134217728, PROT_NONE, MAP_PRIVATE|MAP_ANONYMOUS|MAP_NORESERVE, -1, 0) = 0x7f7586a00000
13    munmap(0x7f7586a00000, 23068672)  = 0
13    munmap(0x7f758c000000, 44040192)  = 0
13    mprotect(0x7f7588000000, 135168, PROT_READ|PROT_WRITE) = 0
13    epoll_ctl(10, EPOLL_CTL_MOD, 6, {events=EPOLLIN, data={u32=6, u64=6}}) = 0
13    epoll_wait(10, [{events=EPOLLIN, data={u32=6, u64=6}}], 1, 5000) = 1
13    recvfrom(6, ".getAttribute(\"eid\")));)a=a.pare"..., 4095, 0, NULL, NULL) = 2831
13    epoll_ctl(10, EPOLL_CTL_MOD, 6, {events=EPOLLIN, data={u32=6, u64=6}}) = 0
13    epoll_wait(10,  <unfinished ...>
12    <... epoll_wait resumed>[{events=EPOLLIN, data={u32=5, u64=5}}], 1, 5000) = 1
12    recvfrom(5, "HTTP/1.0 200 OK\r\nDate: Thu, 16 A"..., 4095, 0, NULL, NULL) = 4095
12    mmap(NULL, 134217728, PROT_NONE, MAP_PRIVATE|MAP_ANONYMOUS|MAP_NORESERVE, -1, 0) = 0x7f7580000000
12    munmap(0x7f7584000000, 67108864)  = 0
12    mprotect(0x7f7580000000, 135168, PROT_READ|PROT_WRITE) = 0
12    epoll_ctl(8, EPOLL_CTL_MOD, 5, {events=EPOLLIN, data={u32=5, u64=5}}) = 0
12    epoll_wait(8, [{events=EPOLLIN, data={u32=5, u64=5}}], 1, 5000) = 1
12    recvfrom(5, "unction(){\nvar g=this||self;func"..., 4095, 0, NULL, NULL) = 1943
12    epoll_ctl(8, EPOLL_CTL_MOD, 5, {events=EPOLLIN, data={u32=5, u64=5}}) = 0
12    epoll_wait(8,  <unfinished ...>
13    <... epoll_wait resumed>[{events=EPOLLIN, data={u32=6, u64=6}}], 1, 5000) = 1
13    recvfrom(6, "pkv3ppRA:1776379699731\",0,1,2,\"h"..., 4095, 0, NULL, NULL) = 4095
13    epoll_ctl(10, EPOLL_CTL_MOD, 6, {events=EPOLLIN, data={u32=6, u64=6}}) = 0
13    epoll_wait(10, [{events=EPOLLIN, data={u32=6, u64=6}}], 1, 5000) = 1
13    recvfrom(6, "||a===b)return!0;for(var c=0;c<a"..., 4095, 0, NULL, NULL) = 4095
13    epoll_ctl(10, EPOLL_CTL_MOD, 6, {events=EPOLLIN, data={u32=6, u64=6}}) = 0
13    epoll_wait(10, [{events=EPOLLIN, data={u32=6, u64=6}}], 1, 5000) = 1
13    recvfrom(6, "var e=32;c?(a=[c],e|=128):a=[];b"..., 4095, 0, NULL, NULL) = 4095
13    epoll_ctl(10, EPOLL_CTL_MOD, 6, {events=EPOLLIN, data={u32=6, u64=6}}) = 0
13    epoll_wait(10, [{events=EPOLLIN, data={u32=6, u64=6}}], 1, 5000) = 1
13    recvfrom(6, "C=function(a){var b=typeof Symbo"..., 4095, 0, NULL, NULL) = 4095
13    epoll_ctl(10, EPOLL_CTL_MOD, 6, {events=EPOLLIN, data={u32=6, u64=6}}) = 0
13    epoll_wait(10, [{events=EPOLLIN, data={u32=6, u64=6}}], 1, 5000) = 1
13    recvfrom(6, "),reject:g(this.A)}};e.prototype"..., 4095, 0, NULL, NULL) = 3220
13    epoll_ctl(10, EPOLL_CTL_MOD, 6, {events=EPOLLIN, data={u32=6, u64=6}}) = 0
13    epoll_wait(10, [{events=EPOLLIN, data={u32=6, u64=6}}], 1, 5000) = 1
13    recvfrom(6, "rn a;\nvar f=\"$jscomp_hidden_\"+Ma"..., 4095, 0, NULL, NULL) = 1400
13    epoll_ctl(10, EPOLL_CTL_MOD, 6, {events=EPOLLIN, data={u32=6, u64=6}}) = 0
13    epoll_wait(10, [{events=EPOLLIN, data={u32=6, u64=6}}], 1, 5000) = 1
13    recvfrom(6, "Ab.next=m.entry,this[1].Ab=m.ent"..., 4095, 0, NULL, NULL) = 4095
13    epoll_ctl(10, EPOLL_CTL_MOD, 6, {events=EPOLLIN, data={u32=6, u64=6}}) = 0
13    epoll_wait(10, [{events=EPOLLIN, data={u32=6, u64=6}}], 1, 5000) = 1
13    recvfrom(6, "alue:b(f,a[f]),done:!1}}d=!0;ret"..., 4095, 0, NULL, NULL) = 4095
13    epoll_ctl(10, EPOLL_CTL_MOD, 6, {events=EPOLLIN, data={u32=6, u64=6}}) = 0
13    epoll_wait(10, [{events=EPOLLIN, data={u32=6, u64=6}}], 1, 5000) = 1
13    recvfrom(6, "ndefined\";_.zc=typeof String.pro"..., 4095, 0, NULL, NULL) = 1610
13    epoll_ctl(10, EPOLL_CTL_MOD, 6, {events=EPOLLIN, data={u32=6, u64=6}}) = 0
13    epoll_wait(10, [{events=EPOLLIN, data={u32=6, u64=6}}], 1, 5000) = 1
13    recvfrom(6, "\");_.Nc=_.la()&&!_.pa(\"Edge\");_."..., 4095, 0, NULL, NULL) = 4095
13    epoll_ctl(10, EPOLL_CTL_MOD, 6, {events=EPOLLIN, data={u32=6, u64=6}}) = 0
13    epoll_wait(10, [{events=EPOLLIN, data={u32=6, u64=6}}], 1, 5000) = 1
13    recvfrom(6, ")|;)/.exec(a))&&a[1]&&parseFloat"..., 4095, 0, NULL, NULL) = 4095
13    epoll_ctl(10, EPOLL_CTL_MOD, 6, {events=EPOLLIN, data={u32=6, u64=6}}) = 0
13    epoll_wait(10, [{events=EPOLLIN, data={u32=6, u64=6}}], 1, 5000) = 1
13    recvfrom(6, ":none}.gb_S{-webkit-background-s"..., 4095, 0, NULL, NULL) = 1610
13    epoll_ctl(10, EPOLL_CTL_MOD, 6, {events=EPOLLIN, data={u32=6, u64=6}}) = 0
13    epoll_wait(10, [{events=EPOLLIN, data={u32=6, u64=6}}], 1, 5000) = 1
13    recvfrom(6, "0px;min-width:30px;opacity:.75;o"..., 4095, 0, NULL, NULL) = 4095
13    epoll_ctl(10, EPOLL_CTL_MOD, 6, {events=EPOLLIN, data={u32=6, u64=6}}) = 0
13    epoll_wait(10, [{events=EPOLLIN, data={u32=6, u64=6}}], 1, 5000) = 1
13    recvfrom(6, "9eef6;background:var(--og-bar-ba"..., 4095, 0, NULL, NULL) = 4095
13    epoll_ctl(10, EPOLL_CTL_MOD, 6, {events=EPOLLIN, data={u32=6, u64=6}}) = 0
13    epoll_wait(10, [{events=EPOLLIN, data={u32=6, u64=6}}], 1, 5000) = 1
13    recvfrom(6, "b_Ia.gb_ab .gb_sd{padding-right:"..., 4095, 0, NULL, NULL) = 3010
13    epoll_ctl(10, EPOLL_CTL_MOD, 6, {events=EPOLLIN, data={u32=6, u64=6}}) = 0
13    epoll_wait(10, [{events=EPOLLIN, data={u32=6, u64=6}}], 1, 5000) = 1
13    recvfrom(6, "px}.gb_Ia.gb_Cd .gb_wd{padding:4"..., 4095, 0, NULL, NULL) = 2800
13    epoll_ctl(10, EPOLL_CTL_MOD, 6, {events=EPOLLIN, data={u32=6, u64=6}}) = 0
13    epoll_wait(10, [{events=EPOLLIN, data={u32=6, u64=6}}], 1, 5000) = 1
13    recvfrom(6, ":#f3f5f6;border:solid 1px;border"..., 4095, 0, NULL, NULL) = 4095
13    mprotect(0x7f7588021000, 126976, PROT_READ|PROT_WRITE) = 0
13    epoll_ctl(10, EPOLL_CTL_MOD, 6, {events=EPOLLIN, data={u32=6, u64=6}}) = 0
13    epoll_wait(10, [{events=EPOLLIN, data={u32=6, u64=6}}], 1, 5000) = 1
13    recvfrom(6, "b_Fd\" aria-label=\"Fazer login\" h"..., 4095, 0, NULL, NULL) = 4095
13    epoll_ctl(10, EPOLL_CTL_MOD, 6, {events=EPOLLIN, data={u32=6, u64=6}}) = 0
13    epoll_wait(10, [{events=EPOLLIN, data={u32=6, u64=6}}], 1, 5000) = 1
13    recvfrom(6, "}\ntry{\n_.me=function(){if(!_.t.a"..., 4095, 0, NULL, NULL) = 210
13    epoll_ctl(10, EPOLL_CTL_MOD, 6, {events=EPOLLIN, data={u32=6, u64=6}}) = 0
13    epoll_wait(10, [{events=EPOLLIN, data={u32=6, u64=6}}], 1, 5000) = 1
13    recvfrom(6, ".removeEventListener(\"test\",c,b)"..., 4095, 0, NULL, NULL) = 2800
13    epoll_ctl(10, EPOLL_CTL_MOD, 6, {events=EPOLLIN, data={u32=6, u64=6}}) = 0
13    epoll_wait(10, [{events=EPOLLIN, data={u32=6, u64=6}}], 1, 5000) = 1
13    recvfrom(6, "();a=b?b.createScriptURL(a):a;re"..., 4095, 0, NULL, NULL) = 4095
13    epoll_ctl(10, EPOLL_CTL_MOD, 6, {events=EPOLLIN, data={u32=6, u64=6}}) = 0
13    epoll_wait(10, [{events=EPOLLIN, data={u32=6, u64=6}}], 1, 5000) = 1
13    recvfrom(6, "(c);c.onerror=_.nc(Mj,a,b,c.src)"..., 4095, 0, NULL, NULL) = 4095
13    epoll_ctl(10, EPOLL_CTL_MOD, 6, {events=EPOLLIN, data={u32=6, u64=6}}) = 0
13    epoll_wait(10, [{events=EPOLLIN, data={u32=6, u64=6}}], 1, 5000) = 1
13    recvfrom(6, "t===1||st===3)&&!!google.caft&&!"..., 4095, 0, NULL, NULL) = 1610
13    epoll_ctl(10, EPOLL_CTL_MOD, 6, {events=EPOLLIN, data={u32=6, u64=6}}) = 0
13    epoll_wait(10, [{events=EPOLLIN, data={u32=6, u64=6}}], 1, 5000) = 1
13    recvfrom(6, "x22jsonp\\x22:true,\\x22msgs\\x22:{"..., 4095, 0, NULL, NULL) = 582
13    epoll_ctl(10, EPOLL_CTL_MOD, 6, {events=EPOLLIN, data={u32=6, u64=6}}) = 0
13    epoll_wait(10, [{events=EPOLLIN, data={u32=6, u64=6}}], 1, 5000) = 1
13    recvfrom(6, "", 4095, 0, NULL, NULL) = 0
13    openat(AT_FDCWD, "/proc/sys/vm/overcommit_memory", O_RDONLY|O_CLOEXEC) = 11
13    read(11, "0", 1)                  = 1
13    close(11)                         = 0
13    madvise(0x7f7588021000, 126976, MADV_DONTNEED) = 0
13    close(10)                         = 0
13    close(6)                          = 0
13    socket(AF_INET, SOCK_STREAM|SOCK_NONBLOCK, IPPROTO_IP) = 6
13    epoll_create1(0)                  = 10
13    epoll_ctl(10, EPOLL_CTL_ADD, 6, {events=EPOLLOUT, data={u32=6, u64=6}}) = 0
13    connect(6, {sa_family=AF_INET, sin_port=htons(80), sin_addr=inet_addr("142.251.152.119")}, 16) = -1 EINPROGRESS (Operation now in progress)
13    epoll_ctl(10, EPOLL_CTL_MOD, 6, {events=EPOLLOUT, data={u32=6, u64=6}}) = 0
13    epoll_wait(10, [{events=EPOLLOUT, data={u32=6, u64=6}}], 1, 5000) = 1
13    getsockopt(6, SOL_SOCKET, SO_ERROR, [0], [4]) = 0
13    epoll_ctl(10, EPOLL_CTL_MOD, 6, {events=EPOLLOUT, data={u32=6, u64=6}}) = 0
13    epoll_wait(10, [{events=EPOLLOUT, data={u32=6, u64=6}}], 1, 5000) = 1
13    sendto(6, "GET / HTTP/1.0\r\nHost: www.google"..., 59, 0, NULL, 0) = 59
13    epoll_ctl(10, EPOLL_CTL_MOD, 6, {events=EPOLLIN, data={u32=6, u64=6}}) = 0
13    epoll_wait(10,  <unfinished ...>
12    <... epoll_wait resumed>[{events=EPOLLIN, data={u32=5, u64=5}}], 1, 5000) = 1
12    recvfrom(5, ":{for(a=b.target;a&&a!==document"..., 4095, 0, NULL, NULL) = 4095
12    epoll_ctl(8, EPOLL_CTL_MOD, 5, {events=EPOLLIN, data={u32=5, u64=5}}) = 0
12    epoll_wait(8, [{events=EPOLLIN, data={u32=5, u64=5}}], 1, 5000) = 1
12    recvfrom(5, "6.google.com\",0,0,0,\"\",\"\",0,0,nu"..., 4095, 0, NULL, NULL) = 2905
12    epoll_ctl(8, EPOLL_CTL_MOD, 5, {events=EPOLLIN, data={u32=5, u64=5}}) = 0
12    epoll_wait(8, [{events=EPOLLIN, data={u32=5, u64=5}}], 1, 5000) = 1
12    recvfrom(5, "rning\");return a};_.Pa=function("..., 4095, 0, NULL, NULL) = 4095
12    epoll_ctl(8, EPOLL_CTL_MOD, 5, {events=EPOLLIN, data={u32=5, u64=5}}) = 0
12    epoll_wait(8, [{events=EPOLLIN, data={u32=5, u64=5}}], 1, 5000) = 1
12    recvfrom(5, "(d!==void 0){var k;g=((k=b)!=nul"..., 4095, 0, NULL, NULL) = 4095
12    epoll_ctl(8, EPOLL_CTL_MOD, 5, {events=EPOLLIN, data={u32=5, u64=5}}) = 0
12    epoll_wait(8, [{events=EPOLLIN, data={u32=5, u64=5}}], 1, 5000) = 1
12    recvfrom(5, "};_.D.prototype.enterCatchBlock="..., 4095, 0, NULL, NULL) = 4095
12    epoll_ctl(8, EPOLL_CTL_MOD, 5, {events=EPOLLIN, data={u32=5, u64=5}}) = 0
12    epoll_wait(8, [{events=EPOLLIN, data={u32=5, u64=5}}], 1, 5000) = 1
12    recvfrom(5, ",k){k(g)})};e.race=function(g){r"..., 4095, 0, NULL, NULL) = 315
12    epoll_ctl(8, EPOLL_CTL_MOD, 5, {events=EPOLLIN, data={u32=5, u64=5}}) = 0
12    epoll_wait(8, [{events=EPOLLIN, data={u32=5, u64=5}}], 1, 5000) = 1
12    recvfrom(5, "(q.length-1),n),k=h.next();while"..., 4095, 0, NULL, NULL) = 1400
12    epoll_ctl(8, EPOLL_CTL_MOD, 5, {events=EPOLLIN, data={u32=5, u64=5}}) = 0
12    epoll_wait(8, [{events=EPOLLIN, data={u32=5, u64=5}}], 1, 5000) = 1
12    recvfrom(5, ".get=function(k){return c(k)&&Xb"..., 4095, 0, NULL, NULL) = 4095
12    epoll_ctl(8, EPOLL_CTL_MOD, 5, {events=EPOLLIN, data={u32=5, u64=5}}) = 0
12    epoll_wait(8, [{events=EPOLLIN, data={u32=5, u64=5}}], 1, 5000) = 1
12    recvfrom(5, "tion(a){return a?a:function(b){r"..., 4095, 0, NULL, NULL) = 4095
12    epoll_ctl(8, EPOLL_CTL_MOD, 5, {events=EPOLLIN, data={u32=5, u64=5}}) = 0
12    epoll_wait(8, [{events=EPOLLIN, data={u32=5, u64=5}}], 1, 5000) = 1
12    recvfrom(5, "b){function c(){}c.prototype=b.p"..., 4095, 0, NULL, NULL) = 1610
12    epoll_ctl(8, EPOLL_CTL_MOD, 5, {events=EPOLLIN, data={u32=5, u64=5}}) = 0
12    epoll_wait(8, [{events=EPOLLIN, data={u32=5, u64=5}}], 1, 5000) = 1
12    recvfrom(5, "n(a,b,c){Array.prototype.forEach"..., 4095, 0, NULL, NULL) = 2800
12    epoll_ctl(8, EPOLL_CTL_MOD, 5, {events=EPOLLIN, data={u32=5, u64=5}}) = 0
12    epoll_wait(8, [{events=EPOLLIN, data={u32=5, u64=5}}], 1, 5000) = 1
12    recvfrom(5, "lse if(e===f)c=g;else return}els"..., 4095, 0, NULL, NULL) = 4095
12    epoll_ctl(8, EPOLL_CTL_MOD, 5, {events=EPOLLIN, data={u32=5, u64=5}}) = 0
12    epoll_wait(8, [{events=EPOLLIN, data={u32=5, u64=5}}], 1, 5000) = 1
12    recvfrom(5, "eturn this.j};_.l.uj=function(){"..., 4095, 0, NULL, NULL) = 2905
12    epoll_ctl(8, EPOLL_CTL_MOD, 5, {events=EPOLLIN, data={u32=5, u64=5}}) = 0
12    epoll_wait(8, [{events=EPOLLIN, data={u32=5, u64=5}}], 1, 5000) = 1
12    recvfrom(5, ".3),0px 1px 3px 1px rgba(60,64,6"..., 4095, 0, NULL, NULL) = 4095
12    epoll_ctl(8, EPOLL_CTL_MOD, 5, {events=EPOLLIN, data={u32=5, u64=5}}) = 0
12    epoll_wait(8, [{events=EPOLLIN, data={u32=5, u64=5}}], 1, 5000) = 1
12    recvfrom(5, "f1f1f))}.gb_Ia.gb_2a svg{color:#"..., 4095, 0, NULL, NULL) = 4095
12    epoll_ctl(8, EPOLL_CTL_MOD, 5, {events=EPOLLIN, data={u32=5, u64=5}}) = 0
12    epoll_wait(8, [{events=EPOLLIN, data={u32=5, u64=5}}], 1, 5000) = 1
12    recvfrom(5, "border-box;position:relative;wid"..., 4095, 0, NULL, NULL) = 1610
12    epoll_ctl(8, EPOLL_CTL_MOD, 5, {events=EPOLLIN, data={u32=5, u64=5}}) = 0
12    epoll_wait(8, [{events=EPOLLIN, data={u32=5, u64=5}}], 1, 5000) = 1
12    recvfrom(5, "-box-flex:0;-webkit-flex:0 0 aut"..., 4095, 0, NULL, NULL) = 1400
12    epoll_ctl(8, EPOLL_CTL_MOD, 5, {events=EPOLLIN, data={u32=5, u64=5}}) = 0
12    epoll_wait(8, [{events=EPOLLIN, data={u32=5, u64=5}}], 1, 5000) = 1
12    recvfrom(5, "ve}.gb_C{display:inline-block;ou"..., 4095, 0, NULL, NULL) = 4095
12    epoll_ctl(8, EPOLL_CTL_MOD, 5, {events=EPOLLIN, data={u32=5, u64=5}}) = 0
12    epoll_wait(8, [{events=EPOLLIN, data={u32=5, u64=5}}], 1, 5000) = 1
12    recvfrom(5, "ight:30px;margin:0;outline:0;fon"..., 4095, 0, NULL, NULL) = 4095
12    mprotect(0x7f7580021000, 126976, PROT_READ|PROT_WRITE) = 0
12    epoll_ctl(8, EPOLL_CTL_MOD, 5, {events=EPOLLIN, data={u32=5, u64=5}}) = 0
12    epoll_wait(8, [{events=EPOLLIN, data={u32=5, u64=5}}], 1, 5000) = 1
12    recvfrom(5, "\"all\" id=\"lgpd\"><div><img alt=\"G"..., 4095, 0, NULL, NULL) = 210
12    epoll_ctl(8, EPOLL_CTL_MOD, 5, {events=EPOLLIN, data={u32=5, u64=5}}) = 0
12    epoll_wait(8, [{events=EPOLLIN, data={u32=5, u64=5}}], 1, 5000) = 1
12    recvfrom(5, "ion=\"/search\" name=\"f\"><table ce"..., 4095, 0, NULL, NULL) = 2800
12    epoll_ctl(8, EPOLL_CTL_MOD, 5, {events=EPOLLIN, data={u32=5, u64=5}}) = 0
12    epoll_wait(8, [{events=EPOLLIN, data={u32=5, u64=5}}], 1, 5000) = 1
12    recvfrom(5, "riais</a><a href=\"/intl/pt-BR/ab"..., 4095, 0, NULL, NULL) = 4095
12    epoll_ctl(8, EPOLL_CTL_MOD, 5, {events=EPOLLIN, data={u32=5, u64=5}}) = 0
12    epoll_wait(8, [{events=EPOLLIN, data={u32=5, u64=5}}], 1, 5000) = 1
12    recvfrom(5, ".Ve(a);return a};\n_.Xe=function("..., 4095, 0, NULL, NULL) = 4095
12    epoll_ctl(8, EPOLL_CTL_MOD, 5, {events=EPOLLIN, data={u32=5, u64=5}}) = 0
12    epoll_wait(8, [{events=EPOLLIN, data={u32=5, u64=5}}], 1, 5000) = 1
12    recvfrom(5, "_.pf(\"LINK\");a.setAttribute(\"typ"..., 4095, 0, NULL, NULL) = 3010
12    epoll_ctl(8, EPOLL_CTL_MOD, 5, {events=EPOLLIN, data={u32=5, u64=5}}) = 0
12    epoll_wait(8, [{events=EPOLLIN, data={u32=5, u64=5}}], 1, 5000) = 1
12    recvfrom(5, "ction q(a,b,d){google.tick&&goog"..., 4095, 0, NULL, NULL) = 2800
12    epoll_ctl(8, EPOLL_CTL_MOD, 5, {events=EPOLLIN, data={u32=5, u64=5}}) = 0
12    epoll_wait(8, [{events=EPOLLIN, data={u32=5, u64=5}}], 1, 5000) = 1
12    recvfrom(5, "\\x22Pesquisa por imagem\\x22,\\x22"..., 4095, 0, NULL, NULL) = 223
12    epoll_ctl(8, EPOLL_CTL_MOD, 5, {events=EPOLLIN, data={u32=5, u64=5}}) = 0
12    epoll_wait(8, [{events=EPOLLIN, data={u32=5, u64=5}}], 1, 5000) = 1
12    recvfrom(5, "", 4095, 0, NULL, NULL) = 0
12    madvise(0x7f7580021000, 126976, MADV_DONTNEED) = 0
12    close(8)                          = 0
12    close(5)                          = 0
12    socket(AF_INET, SOCK_STREAM|SOCK_NONBLOCK, IPPROTO_IP) = 5
12    epoll_create1(0)                  = 8
12    epoll_ctl(8, EPOLL_CTL_ADD, 5, {events=EPOLLOUT, data={u32=5, u64=5}}) = 0
12    connect(5, {sa_family=AF_INET, sin_port=htons(80), sin_addr=inet_addr("142.251.152.119")}, 16) = -1 EINPROGRESS (Operation now in progress)
12    epoll_ctl(8, EPOLL_CTL_MOD, 5, {events=EPOLLOUT, data={u32=5, u64=5}}) = 0
12    epoll_wait(8, [{events=EPOLLOUT, data={u32=5, u64=5}}], 1, 5000) = 1
12    getsockopt(5, SOL_SOCKET, SO_ERROR, [0], [4]) = 0
12    epoll_ctl(8, EPOLL_CTL_MOD, 5, {events=EPOLLOUT, data={u32=5, u64=5}}) = 0
12    epoll_wait(8, [{events=EPOLLOUT, data={u32=5, u64=5}}], 1, 5000) = 1
12    sendto(5, "GET / HTTP/1.0\r\nHost: www.google"..., 59, 0, NULL, 0) = 59
12    epoll_ctl(8, EPOLL_CTL_MOD, 5, {events=EPOLLIN, data={u32=5, u64=5}}) = 0
12    epoll_wait(8,  <unfinished ...>
13    <... epoll_wait resumed>[{events=EPOLLIN, data={u32=6, u64=6}}], 1, 5000) = 1
12    <... epoll_wait resumed>[{events=EPOLLIN, data={u32=5, u64=5}}], 1, 5000) = 1
11    <... epoll_wait resumed>[{events=EPOLLIN, data={u32=4, u64=4}}], 1, 5000) = 1
13    recvfrom(6,  <unfinished ...>
12    recvfrom(5,  <unfinished ...>
11    recvfrom(4,  <unfinished ...>
13    <... recvfrom resumed>"HTTP/1.0 200 OK\r\nDate: Thu, 16 A"..., 4095, 0, NULL, NULL) = 4095
12    <... recvfrom resumed>"HTTP/1.0 200 OK\r\nDate: Thu, 16 A"..., 4095, 0, NULL, NULL) = 4095
11    <... recvfrom resumed>"HTTP/1.0 200 OK\r\nDate: Thu, 16 A"..., 4095, 0, NULL, NULL) = 4095
13    epoll_ctl(10, EPOLL_CTL_MOD, 6, {events=EPOLLIN, data={u32=6, u64=6}} <unfinished ...>
12    epoll_ctl(8, EPOLL_CTL_MOD, 5, {events=EPOLLIN, data={u32=5, u64=5}} <unfinished ...>
13    <... epoll_ctl resumed>)          = 0
11    mmap(0x7f7584000000, 67108864, PROT_NONE, MAP_PRIVATE|MAP_ANONYMOUS|MAP_NORESERVE, -1, 0 <unfinished ...>
13    epoll_wait(10,  <unfinished ...>
12    <... epoll_ctl resumed>)          = 0
13    <... epoll_wait resumed>[{events=EPOLLIN, data={u32=6, u64=6}}], 1, 5000) = 1
12    epoll_wait(8,  <unfinished ...>
11    <... mmap resumed>)               = 0x7f7584000000
13    recvfrom(6,  <unfinished ...>
12    <... epoll_wait resumed>[{events=EPOLLIN, data={u32=5, u64=5}}], 1, 5000) = 1
11    mprotect(0x7f7584000000, 135168, PROT_READ|PROT_WRITE <unfinished ...>
13    <... recvfrom resumed>";)a=a.parentNode;return b||l}fun"..., 4095, 0, NULL, NULL) = 2947
12    recvfrom(5,  <unfinished ...>
13    epoll_ctl(10, EPOLL_CTL_MOD, 6, {events=EPOLLIN, data={u32=6, u64=6}} <unfinished ...>
12    <... recvfrom resumed>"le.kOPI||null};var l,m=!1,n=[];f"..., 4095, 0, NULL, NULL) = 2352
13    <... epoll_ctl resumed>)          = 0
11    <... mprotect resumed>)           = 0
13    epoll_wait(10,  <unfinished ...>
12    epoll_ctl(8, EPOLL_CTL_MOD, 5, {events=EPOLLIN, data={u32=5, u64=5}}) = 0
12    epoll_wait(8,  <unfinished ...>
11    epoll_ctl(9, EPOLL_CTL_MOD, 4, {events=EPOLLIN, data={u32=4, u64=4}}) = 0
11    epoll_wait(9, [{events=EPOLLIN, data={u32=4, u64=4}}], 1, 5000) = 1
11    recvfrom(4, "b||l}function q(a){for(var b=nul"..., 4095, 0, NULL, NULL) = 4095
11    epoll_ctl(9, EPOLL_CTL_MOD, 4, {events=EPOLLIN, data={u32=4, u64=4}}) = 0
11    epoll_wait(9, [{events=EPOLLIN, data={u32=4, u64=4}}], 1, 5000) = 1
11    recvfrom(4, "e73d2dd64019a\\u0026eom=1\\u0026cc"..., 4095, 0, NULL, NULL) = 4095
11    epoll_ctl(9, EPOLL_CTL_MOD, 4, {events=EPOLLIN, data={u32=4, u64=4}}) = 0
11    epoll_wait(9, [{events=EPOLLIN, data={u32=4, u64=4}}], 1, 5000) = 1
11    recvfrom(4, "unction(a,b,c){return typeof Sym"..., 4095, 0, NULL, NULL) = 1568
11    epoll_ctl(9, EPOLL_CTL_MOD, 4, {events=EPOLLIN, data={u32=4, u64=4}}) = 0
11    epoll_wait(9, [{events=EPOLLIN, data={u32=4, u64=4}}], 1, 5000) = 1
11    recvfrom(4, "m?b&128?0:-1:void 0;if(!(b&1)){v"..., 4095, 0, NULL, NULL) = 4095
11    epoll_ctl(9, EPOLL_CTL_MOD, 4, {events=EPOLLIN, data={u32=4, u64=4}}) = 0
11    epoll_wait(9, [{events=EPOLLIN, data={u32=4, u64=4}}], 1, 5000) = 1
11    recvfrom(4, "lf,\"object\"==typeof global&&glob"..., 4095, 0, NULL, NULL) = 4095
11    epoll_ctl(9, EPOLL_CTL_MOD, 4, {events=EPOLLIN, data={u32=4, u64=4}}) = 0
11    epoll_wait(9, [{events=EPOLLIN, data={u32=4, u64=4}}], 1, 5000) = 1
11    recvfrom(4, ")};b.prototype.toString=function"..., 4095, 0, NULL, NULL) = 4095
11    epoll_ctl(9, EPOLL_CTL_MOD, 4, {events=EPOLLIN, data={u32=4, u64=4}}) = 0
11    epoll_wait(9, [{events=EPOLLIN, data={u32=4, u64=4}}], 1, 5000) = 1
11    recvfrom(4, "k){var m=Object[k];m&&(Object[k]"..., 4095, 0, NULL, NULL) = 4095
11    epoll_ctl(9, EPOLL_CTL_MOD, 4, {events=EPOLLIN, data={u32=4, u64=4}}) = 0
11    epoll_wait(9, [{events=EPOLLIN, data={u32=4, u64=4}}], 1, 5000) = 1
11    recvfrom(4, "ction(){return this.i.values()};"..., 4095, 0, NULL, NULL) = 1820
11    epoll_ctl(9, EPOLL_CTL_MOD, 4, {events=EPOLLIN, data={u32=4, u64=4}}) = 0
11    epoll_wait(9, [{events=EPOLLIN, data={u32=4, u64=4}}], 1, 5000) = 1
11    recvfrom(4, "unction(){return e};return e};Qb"..., 4095, 0, NULL, NULL) = 2800
11    epoll_ctl(9, EPOLL_CTL_MOD, 4, {events=EPOLLIN, data={u32=4, u64=4}}) = 0
11    epoll_wait(9, [{events=EPOLLIN, data={u32=4, u64=4}}], 1, 5000) = 1
11    recvfrom(4, "split(\".\");for(var c=_.t,d;a.len"..., 4095, 0, NULL, NULL) = 4095
11    epoll_ctl(9, EPOLL_CTL_MOD, 4, {events=EPOLLIN, data={u32=4, u64=4}}) = 0
11    epoll_wait(9, [{events=EPOLLIN, data={u32=4, u64=4}}], 1, 5000) = 1
11    recvfrom(4, "reeze(od);var Ja;_.Za={};Ja={};_"..., 4095, 0, NULL, NULL) = 2905
11    epoll_ctl(9, EPOLL_CTL_MOD, 4, {events=EPOLLIN, data={u32=4, u64=4}}) = 0
11    epoll_wait(9, [{events=EPOLLIN, data={u32=4, u64=4}}], 1, 5000) = 1
11    recvfrom(4, "C=function(a,b){this.i=b;this.A="..., 4095, 0, NULL, NULL) = 1400
11    epoll_ctl(9, EPOLL_CTL_MOD, 4, {events=EPOLLIN, data={u32=4, u64=4}}) = 0
11    epoll_wait(9, [{events=EPOLLIN, data={u32=4, u64=4}}], 1, 5000) = 1
11    recvfrom(4, "new _.Ld};_.l=_.Pd.prototype;_.l"..., 4095, 0, NULL, NULL) = 4095
11    epoll_ctl(9, EPOLL_CTL_MOD, 4, {events=EPOLLIN, data={u32=4, u64=4}}) = 0
11    epoll_wait(9, [{events=EPOLLIN, data={u32=4, u64=4}}], 1, 5000) = 1
11    recvfrom(4, ":active:after{background:rgba(0,"..., 4095, 0, NULL, NULL) = 4095
11    epoll_ctl(9, EPOLL_CTL_MOD, 4, {events=EPOLLIN, data={u32=4, u64=4}}) = 0
11    epoll_wait(9, [{events=EPOLLIN, data={u32=4, u64=4}}], 1, 5000) = 1
11    recvfrom(4, "14))}.gb_Ia.gb_3a{color:#1f1f1f;"..., 4095, 0, NULL, NULL) = 1610
11    epoll_ctl(9, EPOLL_CTL_MOD, 4, {events=EPOLLIN, data={u32=4, u64=4}}) = 0
11    epoll_wait(9, [{events=EPOLLIN, data={u32=4, u64=4}}], 1, 5000) = 1
11    recvfrom(4, "f1f1f;color:var(--og-logo-color,"..., 4095, 0, NULL, NULL) = 2800
11    epoll_ctl(9, EPOLL_CTL_MOD, 4, {events=EPOLLIN, data={u32=4, u64=4}}) = 0
11    epoll_wait(9, [{events=EPOLLIN, data={u32=4, u64=4}}], 1, 5000) = 1
11    recvfrom(4, "_Ia.gb_Zd .gb_3d,.gb_Ia.gb_ab:no"..., 4095, 0, NULL, NULL) = 4095
11    epoll_ctl(9, EPOLL_CTL_MOD, 4, {events=EPOLLIN, data={u32=4, u64=4}}) = 0
11    epoll_wait(9, [{events=EPOLLIN, data={u32=4, u64=4}}], 1, 5000) = 1
11    recvfrom(4, "gb_H .gb_Za{border-color:#e3e3e3"..., 4095, 0, NULL, NULL) = 1505
11    epoll_ctl(9, EPOLL_CTL_MOD, 4, {events=EPOLLIN, data={u32=4, u64=4}}) = 0
11    epoll_wait(9, [{events=EPOLLIN, data={u32=4, u64=4}}], 1, 5000) = 1
11    recvfrom(4, "ize:11px}.lsbb{background:#f3f5f"..., 4095, 0, NULL, NULL) = 4095
11    mprotect(0x7f7584021000, 126976, PROT_READ|PROT_WRITE) = 0
11    epoll_ctl(9, EPOLL_CTL_MOD, 4, {events=EPOLLIN, data={u32=4, u64=4}}) = 0
11    epoll_wait(9, [{events=EPOLLIN, data={u32=4, u64=4}}], 1, 5000) = 1
11    recvfrom(4, "lass=\"gb_Va gb_Xd gb_Pd gb_Fd\" a"..., 4095, 0, NULL, NULL) = 1505
11    epoll_ctl(9, EPOLL_CTL_MOD, 4, {events=EPOLLIN, data={u32=4, u64=4}}) = 0
11    epoll_wait(9, [{events=EPOLLIN, data={u32=4, u64=4}}], 1, 5000) = 1
11    recvfrom(4, "ent.createElement('script');s.sr"..., 4095, 0, NULL, NULL) = 2800
11    epoll_ctl(9, EPOLL_CTL_MOD, 4, {events=EPOLLIN, data={u32=4, u64=4}}) = 0
11    epoll_wait(9, [{events=EPOLLIN, data={u32=4, u64=4}}], 1, 5000) = 1
11    recvfrom(4, "tListener(\"test\",c,b);_.t.remove"..., 4095, 0, NULL, NULL) = 4095
11    epoll_ctl(9, EPOLL_CTL_MOD, 4, {events=EPOLLIN, data={u32=4, u64=4}}) = 0
11    epoll_wait(9, [{events=EPOLLIN, data={u32=4, u64=4}}], 1, 5000) = 1
11    recvfrom(4, "[0]||null);return a||null};_.hf="..., 4095, 0, NULL, NULL) = 4095
11    epoll_ctl(9, EPOLL_CTL_MOD, 4, {events=EPOLLIN, data={u32=4, u64=4}}) = 0
11    epoll_wait(9, [{events=EPOLLIN, data={u32=4, u64=4}}], 1, 5000) = 1
11    recvfrom(4, "\\x3dgAAAAAAAAAAAABAAAAAAAAAAAAAA"..., 4095, 0, NULL, NULL) = 210
11    epoll_ctl(9, EPOLL_CTL_MOD, 4, {events=EPOLLIN, data={u32=4, u64=4}}) = 0
11    epoll_wait(9, [{events=EPOLLIN, data={u32=4, u64=4}}], 1, 5000) = 1
11    recvfrom(4, "oQ2CQ?cb\\x3d121509378',basecss:'"..., 4095, 0, NULL, NULL) = 4095
11    epoll_ctl(9, EPOLL_CTL_MOD, 4, {events=EPOLLIN, data={u32=4, u64=4}}) = 0
11    epoll_wait(9, [{events=EPOLLIN, data={u32=4, u64=4}}], 1, 5000) = 1
11    recvfrom(4, "='{\\x22d\\x22:{},\\x22sb_he\\x22:{\\"..., 4095, 0, NULL, NULL) = 717
11    epoll_ctl(9, EPOLL_CTL_MOD, 4, {events=EPOLLIN, data={u32=4, u64=4}}) = 0
11    epoll_wait(9, [{events=EPOLLIN, data={u32=4, u64=4}}], 1, 5000) = 1
11    recvfrom(4, "", 4095, 0, NULL, NULL) = 0
11    madvise(0x7f7584021000, 126976, MADV_DONTNEED) = 0
11    close(9)                          = 0
11    close(4)                          = 0
11    socket(AF_INET, SOCK_STREAM|SOCK_NONBLOCK, IPPROTO_IP) = 4
11    epoll_create1(0)                  = 9
11    epoll_ctl(9, EPOLL_CTL_ADD, 4, {events=EPOLLOUT, data={u32=4, u64=4}}) = 0
11    connect(4, {sa_family=AF_INET, sin_port=htons(80), sin_addr=inet_addr("142.251.152.119")}, 16) = -1 EINPROGRESS (Operation now in progress)
11    epoll_ctl(9, EPOLL_CTL_MOD, 4, {events=EPOLLOUT, data={u32=4, u64=4}}) = 0
11    epoll_wait(9, [{events=EPOLLOUT, data={u32=4, u64=4}}], 1, 5000) = 1
11    getsockopt(4, SOL_SOCKET, SO_ERROR, [0], [4]) = 0
11    epoll_ctl(9, EPOLL_CTL_MOD, 4, {events=EPOLLOUT, data={u32=4, u64=4}}) = 0
11    epoll_wait(9, [{events=EPOLLOUT, data={u32=4, u64=4}}], 1, 5000) = 1
11    sendto(4, "GET / HTTP/1.0\r\nHost: www.google"..., 59, 0, NULL, 0) = 59
11    epoll_ctl(9, EPOLL_CTL_MOD, 4, {events=EPOLLIN, data={u32=4, u64=4}}) = 0
11    epoll_wait(9,  <unfinished ...>
13    <... epoll_wait resumed>[{events=EPOLLIN, data={u32=6, u64=6}}], 1, 5000) = 1
13    recvfrom(6, "https://accounts.google.com/sign"..., 4095, 0, NULL, NULL) = 4095
13    epoll_ctl(10, EPOLL_CTL_MOD, 6, {events=EPOLLIN, data={u32=6, u64=6}}) = 0
13    epoll_wait(10, [{events=EPOLLIN, data={u32=6, u64=6}}], 1, 5000) = 1
13    recvfrom(6, "ction(){throw a;},0)};\n_.la=func"..., 4095, 0, NULL, NULL) = 4095
13    epoll_ctl(10, EPOLL_CTL_MOD, 6, {events=EPOLLIN, data={u32=6, u64=6}}) = 0
13    epoll_wait(10, [{events=EPOLLIN, data={u32=6, u64=6}}], 1, 5000) = 1
13    recvfrom(6, "w Error(\"A\");2048&e&&!(2&e)&&rb("..., 4095, 0, NULL, NULL) = 4095
13    epoll_ctl(10, EPOLL_CTL_MOD, 6, {events=EPOLLIN, data={u32=6, u64=6}}) = 0
13    epoll_wait(10, [{events=EPOLLIN, data={u32=6, u64=6}}], 1, 5000) = 1
13    recvfrom(6, "r\")return{next:Wb(a)};throw Erro"..., 4095, 0, NULL, NULL) = 4095
13    epoll_ctl(10, EPOLL_CTL_MOD, 6, {events=EPOLLIN, data={u32=6, u64=6}}) = 0
13    epoll_wait(10, [{events=EPOLLIN, data={u32=6, u64=6}}], 1, 5000) = 1
